// Jest Snapshot v1, https://goo.gl/fbAQLP

exports[`Renders without crashing 1`] = `
<div
  className="grid grid-cols-1 "
>
  <h3
    className="place-self-center py-10 text-xl font-bold "
  >
    Select State
  </h3>
  <div
    className="place-self-center"
  >
    <div
      className="MuiCircularProgress-root MuiCircularProgress-indeterminate"
      role="progressbar"
      style={
        Object {
          "height": 100,
          "width": 100,
        }
      }
    >
      <svg
        className="MuiCircularProgress-svg"
        viewBox="22 22 44 44"
      >
        <circle
          className="MuiCircularProgress-circle MuiCircularProgress-circleIndeterminate"
          cx={44}
          cy={44}
          fill="none"
          r={20.2}
          strokeWidth={3.6}
          style={Object {}}
        />
      </svg>
    </div>
  </div>
  <div
    className="place-self-center"
  >
    <div
      className="MuiCircularProgress-root MuiCircularProgress-indeterminate"
      role="progressbar"
      style={
        Object {
          "height": 100,
          "width": 100,
        }
      }
    >
      <svg
        className="MuiCircularProgress-svg"
        viewBox="22 22 44 44"
      >
        <circle
          className="MuiCircularProgress-circle MuiCircularProgress-circleIndeterminate"
          cx={44}
          cy={44}
          fill="none"
          r={20.2}
          strokeWidth={3.6}
          style={Object {}}
        />
      </svg>
    </div>
  </div>
  <div
    className="bg-gray-100 hover:bg-yellow-500 text-grey-darkest  hover:text-white font-bold py-2 px-4 rounded-2xl  mt-10 mb-40 place-self-center"
  >
    <a
      href="/district/undefined"
      onClick={[Function]}
    >
      View 
      's Districts' data
    </a>
  </div>
</div>
`;
